141.8.143.147 - - [04/Oct/2016:19:57:46 -0500] "GET /~mcconvilletl/?p=108 HTTP/1.1" 200 4828 "-" "Mozilla/5.0 (compatible; YandexBot/3.0; +http://yandex.com/bots)"
157.55.39.193 - - [04/Oct/2016:20:02:02 -0500] "GET /~rall/contact.php HTTP/1.1" 200 2355 "-" "Mozilla/5.0 (compatible; bingbot/2.0; +http://www.bing.com/bingbot.htm)"
86.106.17.26 - - [04/Oct/2016:20:22:16 -0500] "GET /~rall/hitcounter.php?page=/~rall/index.php HTTP/1.1" 200 18020 "http://cs.unk.edu/" "Mozilla/5.0 (Macintosh; Intel Mac OS X 10.9; rv:35.0) Gecko/20100101 Firefox/35.0"
86.106.17.26 - - [04/Oct/2016:20:22:16 -0500] "GET /~rall/macclassic.php HTTP/1.1" 200 10077 "http://cs.unk.edu/~rall/hitcounter.php?page=/~rall/index.php" "Mozilla/5.0 (Macintosh; Intel Mac OS X 10.9; rv:35.0) Gecko/20100101 Firefox/35.0"
192.187.100.154 - - [04/Oct/2016:20:34:15 -0500] "GET /~rall/hitcounter.php?page=/~rall/index.php HTTP/1.1" 200 18020 "http://cs.unk.edu/" "Mozilla/5.0 (Macintosh; Intel Mac OS X 10.9; rv:35.0) Gecko/20100101 Firefox/35.0"
104.168.5.118 - - [04/Oct/2016:20:37:17 -0500] "GET /~rall/hitcounter.php?page=/~rall/index.php HTTP/1.0" 200 17983 "http://cs.unk.edu/" "Mozilla/5.0 (Macintosh; Intel Mac OS X 10.9; rv:35.0) Gecko/20100101 Firefox/35.0"
162.212.16.208 - - [04/Oct/2016:20:40:10 -0500] "GET /~miller/bw.php HTTP/1.1" 200 452 "-" "Mozilla/5.0 (Macintosh; Intel Mac OS X 10_11_6) AppleWebKit/537.36 (KHTML, like Gecko) Chrome/53.0.2785.116 Safari/537.36"
162.212.16.208 - - [04/Oct/2016:20:40:12 -0500] "GET /favicon.ico HTTP/1.1" 200 616 "http://cs.unk.edu/~miller/bw.php" "Mozilla/5.0 (Macintosh; Intel Mac OS X 10_11_6) AppleWebKit/537.36 (KHTML, like Gecko) Chrome/53.0.2785.116 Safari/537.36"
162.212.16.208 - - [04/Oct/2016:20:40:15 -0500] "POST /~miller/bw.php HTTP/1.1" 200 505 "http://cs.unk.edu/~miller/bw.php" "Mozilla/5.0 (Macintosh; Intel Mac OS X 10_11_6) AppleWebKit/537.36 (KHTML, like Gecko) Chrome/53.0.2785.116 Safari/537.36"
162.212.16.208 - - [04/Oct/2016:20:40:21 -0500] "GET /~miller/IMG/1815.png HTTP/1.1" 200 10275 "http://cs.unk.edu/~miller/bw.php" "Mozilla/5.0 (Macintosh; Intel Mac OS X 10_11_6) AppleWebKit/537.36 (KHTML, like Gecko) Chrome/53.0.2785.116 Safari/537.36"
162.212.16.208 - - [04/Oct/2016:20:40:22 -0500] "GET /~miller/IMG/1815-today.png HTTP/1.1" 200 12390 "http://cs.unk.edu/~miller/bw.php" "Mozilla/5.0 (Macintosh; Intel Mac OS X 10_11_6) AppleWebKit/537.36 (KHTML, like Gecko) Chrome/53.0.2785.116 Safari/537.36"
66.249.65.23 - - [04/Oct/2016:20:47:07 -0500] "GET /~hastings/pubs/ai-applications.pdf HTTP/1.1" 200 1071134 "-" "Googlebot/2.1 (+http://www.google.com/bot.html)"
66.249.65.27 - - [04/Oct/2016:20:52:53 -0500] "GET /~hastings/pubs/WS0404PowellJ2.pdf HTTP/1.1" 200 121152 "-" "Googlebot/2.1 (+http://www.google.com/bot.html)"
217.11.128.2 - - [04/Oct/2016:21:05:35 -0500] "GET /~rall/hitcounter.php?page=/~rall/index.php HTTP/1.1" 200 18020 "http://cs.unk.edu/" "Mozilla/5.0 (Macintosh; Intel Mac OS X 10_10_0) AppleWebKit/537.36 (KHTML, like Gecko) Chrome/39.0.2171.95 Safari/537.36"
23.95.13.182 - - [04/Oct/2016:21:05:48 -0500] "GET /~rall/hitcounter.php?page=/~rall/index.php HTTP/1.0" 200 17983 "http://cs.unk.edu/" "Mozilla/5.0 (Macintosh; Intel Mac OS X 10.9; rv:35.0) Gecko/20100101 Firefox/35.0"
66.249.65.27 - - [04/Oct/2016:21:17:45 -0500] "GET /~hastings/pubs/part1.ps HTTP/1.1" 200 615141 "-" "Googlebot/2.1 (+http://www.google.com/bot.html)"
104.160.5.49 - - [04/Oct/2016:21:19:42 -0500] "GET /~rall/hitcounter.php?page=/~rall/index.php HTTP/1.0" 200 17983 "http://cs.unk.edu/" "Mozilla/5.0 (Macintosh; Intel Mac OS X 10_10_0) AppleWebKit/537.36 (KHTML, like Gecko) Chrome/39.0.2171.95 Safari/537.36"
50.16.221.78 - - [04/Oct/2016:21:25:09 -0500] "GET /~webb/feed HTTP/1.1" 404 462 "http://www.traackr.com" "Traackr.com"
216.244.66.242 - - [04/Oct/2016:21:26:56 -0500] "GET /robots.txt HTTP/1.1" 200 531 "-" "Mozilla/5.0 (compatible; DotBot/1.1; http://www.opensiteexplorer.org/dotbot, help@moz.com)"
66.249.65.23 - - [04/Oct/2016:21:38:31 -0500] "GET /~howardjd/?author=1 HTTP/1.1" 200 6138 "-" "Mozilla/5.0 (compatible; Googlebot/2.1; +http://www.google.com/bot.html)"
66.249.65.23 - - [04/Oct/2016:21:38:34 -0500] "GET /~howardjd/wp-content/themes/twentytwelve/style.css?ver=3.5.1 HTTP/1.1" 200 7968 "http://cs.unk.edu/~howardjd/?author=1" "Mozilla/5.0 (compatible; Googlebot/2.1; +http://www.google.com/bot.html)"
66.249.65.27 - - [04/Oct/2016:21:38:34 -0500] "GET /~howardjd/wp-content/themes/twentytwelve/js/navigation.js?ver=1.0 HTTP/1.1" 200 745 "http://cs.unk.edu/~howardjd/?author=1" "Mozilla/5.0 (compatible; Googlebot/2.1; +http://www.google.com/bot.html)"
185.120.124.62 - - [04/Oct/2016:21:43:23 -0500] "GET /~mcconvilletl/?p=59 HTTP/1.1" 200 5684 "https://www.google.co.il/" "Mozilla/5.0 (Linux; Android 5.0; SM-G900V Build/LRX21T) AppleWebKit/537.36 (KHTML, like Gecko) Chrome/52.0.2743.98 Mobile Safari/537.36"
185.120.124.62 - - [04/Oct/2016:21:43:24 -0500] "GET /~mcconvilletl/wp-content/themes/twentyten/style.css HTTP/1.1" 200 5705 "http://cs.unk.edu/~mcconvilletl/?p=59" "Mozilla/5.0 (Linux; Android 5.0; SM-G900V Build/LRX21T) AppleWebKit/537.36 (KHTML, like Gecko) Chrome/52.0.2743.98 Mobile Safari/537.36"
185.120.124.62 - - [04/Oct/2016:21:43:24 -0500] "GET /~mcconvilletl/wp-includes/js/comment-reply.js?ver=20090102 HTTP/1.1" 200 761 "http://cs.unk.edu/~mcconvilletl/?p=59" "Mozilla/5.0 (Linux; Android 5.0; SM-G900V Build/LRX21T) AppleWebKit/537.36 (KHTML, like Gecko) Chrome/52.0.2743.98 Mobile Safari/537.36"
185.120.124.62 - - [04/Oct/2016:21:43:24 -0500] "GET /~mcconvilletl/wp-content/themes/twentyten/images/wordpress.png HTTP/1.1" 200 1132 "http://cs.unk.edu/~mcconvilletl/wp-content/themes/twentyten/style.css" "Mozilla/5.0 (Linux; Android 5.0; SM-G900V Build/LRX21T) AppleWebKit/537.36 (KHTML, like Gecko) Chrome/52.0.2743.98 Mobile Safari/537.36"
185.120.124.62 - - [04/Oct/2016:21:43:24 -0500] "GET /~mcconvilletl/wp-content/themes/twentyten/images/headers/path.jpg HTTP/1.1" 200 52014 "http://cs.unk.edu/~mcconvilletl/?p=59" "Mozilla/5.0 (Linux; Android 5.0; SM-G900V Build/LRX21T) AppleWebKit/537.36 (KHTML, like Gecko) Chrome/52.0.2743.98 Mobile Safari/537.36"
185.120.124.62 - - [04/Oct/2016:21:43:24 -0500] "GET /favicon.ico HTTP/1.1" 200 616 "http://cs.unk.edu/~mcconvilletl/?p=59" "Mozilla/5.0 (Linux; Android 5.0; SM-G900V Build/LRX21T) AppleWebKit/537.36 (KHTML, like Gecko) Chrome/52.0.2743.98 Mobile Safari/537.36"
180.76.15.161 - - [04/Oct/2016:21:49:19 -0500] "GET / HTTP/1.1" 301 264 "-" "Mozilla/5.0 (compatible; Baiduspider/2.0; +http://www.baidu.com/search/spider.html)"
180.76.15.12 - - [04/Oct/2016:21:50:43 -0500] "GET / HTTP/1.1" 301 264 "-" "Mozilla/5.0 (compatible; Baiduspider/2.0; +http://www.baidu.com/search/spider.html)"
107.21.1.8 - - [04/Oct/2016:21:58:46 -0500] "GET / HTTP/1.1" 301 301 "http://cs.unk.edu/" "Mozilla/5.0 (compatible; DuckDuckGo-Favicons-Bot/1.0; +http://duckduckgo.com)"
162.212.16.208 - - [04/Oct/2016:22:22:26 -0500] "GET /~millermj/a.html HTTP/1.1" 404 505 "-" "Mozilla/5.0 (Windows NT; Windows NT 10.0; en-US) WindowsPowerShell/5.0.10240.16384"
162.212.16.208 - - [04/Oct/2016:22:22:48 -0500] "GET /~miller/a.html HTTP/1.1" 200 275 "-" "Mozilla/5.0 (Windows NT; Windows NT 10.0; en-US) WindowsPowerShell/5.0.10240.16384"
162.212.16.208 - - [04/Oct/2016:22:23:15 -0500] "GET /~miller/a.html HTTP/1.1" 200 275 "-" "Mozilla/5.0 (Windows NT; Windows NT 10.0; en-US) WindowsPowerShell/5.0.10240.16384"
162.212.16.208 - - [04/Oct/2016:22:24:16 -0500] "GET /~miller/a.html HTTP/1.1" 200 275 "-" "Mozilla/5.0 (Windows NT; Windows NT 10.0; en-US) WindowsPowerShell/5.0.10240.16384"
162.212.16.208 - - [04/Oct/2016:22:24:46 -0500] "GET /~miller/a.html HTTP/1.1" 200 275 "-" "Mozilla/5.0 (Windows NT; Windows NT 10.0; en-US) WindowsPowerShell/5.0.10240.16384"
186.46.203.64 - - [04/Oct/2016:22:29:23 -0500] "GET / HTTP/1.1" 301 301 "http://1-free-share-buttons.com" "Mozilla/5.0 (Windows NT 6.1; WOW64) AppleWebKit/537.36 (KHTML, like Gecko) Chrome/36.0.1985.143 Safari/537.36"
180.76.15.30 - - [04/Oct/2016:22:51:01 -0500] "GET / HTTP/1.1" 301 264 "-" "Mozilla/5.0 (compatible; Baiduspider/2.0; +http://www.baidu.com/search/spider.html)"
180.76.15.162 - - [04/Oct/2016:22:52:29 -0500] "GET / HTTP/1.1" 301 264 "-" "Mozilla/5.0 (compatible; Baiduspider/2.0; +http://www.baidu.com/search/spider.html)"
216.244.66.242 - - [04/Oct/2016:23:03:11 -0500] "GET /%7Ebombergerbc/?cat=1 HTTP/1.1" 200 17691 "-" "Mozilla/5.0 (compatible; DotBot/1.1; http://www.opensiteexplorer.org/dotbot, help@moz.com)"
127.0.0.1 - - [04/Oct/2016:23:03:11 -0500] "POST /~bombergerbc/wp-cron.php?doing_wp_cron=1475640191.7119240760803222656250 HTTP/1.0" 200 187 "-" "WordPress/4.1.1; http://cs.unk.edu/~bombergerbc"
5.9.87.111 - - [04/Oct/2016:23:05:49 -0500] "GET /robots.txt HTTP/1.0" 200 550 "-" "Mozilla/5.0 (compatible; MJ12bot/v1.4.5; http://www.majestic12.co.uk/bot.php?+)"
5.9.87.111 - - [04/Oct/2016:23:05:51 -0500] "GET /~mcintyredc/ HTTP/1.0" 200 19364 "-" "Mozilla/5.0 (compatible; MJ12bot/v1.4.5; http://www.majestic12.co.uk/bot.php?+)"
127.0.0.1 - - [04/Oct/2016:23:05:51 -0500] "POST /~mcintyredc/wp-cron.php?doing_wp_cron=1475640351.7543430328369140625000 HTTP/1.0" 200 187 "-" "WordPress/4.0; http://cs.unk.edu/~mcintyredc"
141.8.143.147 - - [04/Oct/2016:23:15:46 -0500] "GET /~csis495/wp-content/uploads/2010/11/diagram1.png HTTP/1.1" 304 181 "-" "Mozilla/5.0 (compatible; YandexImages/3.0; +http://yandex.com/bots)"
180.76.15.24 - - [04/Oct/2016:23:50:43 -0500] "GET / HTTP/1.1" 301 264 "-" "Mozilla/5.0 (compatible; Baiduspider/2.0; +http://www.baidu.com/search/spider.html)"
180.76.15.14 - - [04/Oct/2016:23:52:12 -0500] "GET / HTTP/1.1" 301 264 "-" "Mozilla/5.0 (compatible; Baiduspider/2.0; +http://www.baidu.com/search/spider.html)"
141.8.143.147 - - [04/Oct/2016:23:54:49 -0500] "GET /~lueckmj/blog/?feed=rss2&p=3 HTTP/1.1" 200 885 "-" "Mozilla/5.0 (compatible; YandexBot/3.0; +http://yandex.com/bots)"
127.0.0.1 - - [04/Oct/2016:23:54:49 -0500] "POST /~lueckmj/blog/wp-cron.php?doing_wp_cron=1475643289.3378000259399414062500 HTTP/1.0" 200 187 "-" "WordPress/3.8.1; http://cs.unk.edu/~lueckmj/blog"
141.8.143.147 - - [04/Oct/2016:23:55:39 -0500] "GET /~zhengaw/projects/openldap-server/nfs-configuration/feed/ HTTP/1.1" 200 866 "-" "Mozilla/5.0 (compatible; YandexBot/3.0; +http://yandex.com/bots)"
127.0.0.1 - - [04/Oct/2016:23:55:39 -0500] "POST /~zhengaw/wp-cron.php?doing_wp_cron=1475643339.5145540237426757812500 HTTP/1.0" 200 187 "-" "WordPress/4.2; http://cs.unk.edu/~zhengaw"
141.8.143.147 - - [04/Oct/2016:23:56:39 -0500] "GET /~mcintyredc/?feed=comments-rss2 HTTP/1.1" 200 815 "-" "Mozilla/5.0 (compatible; YandexBot/3.0; +http://yandex.com/bots)"
141.8.143.147 - - [04/Oct/2016:23:57:52 -0500] "GET /~lueckmj/blog/?feed=rss2&p=111 HTTP/1.1" 200 886 "-" "Mozilla/5.0 (compatible; YandexBot/3.0; +http://yandex.com/bots)"
104.223.63.125 - - [05/Oct/2016:00:00:00 -0500] "GET /~rall/hitcounter.php?page=/~rall/index.php HTTP/1.1" 200 18020 "http://cs.unk.edu/" "Mozilla/5.0 (Macintosh; Intel Mac OS X 10_10_0) AppleWebKit/537.36 (KHTML, like Gecko) Chrome/39.0.2171.95 Safari/537.36"
163.172.54.56 - - [05/Oct/2016:00:01:00 -0500] "GET /~rall/hitcounter.php?page=/~rall/index.php HTTP/1.1" 200 18020 "http://cs.unk.edu/" "Mozilla/5.0 (Macintosh; Intel Mac OS X 10.9; rv:35.0) Gecko/20100101 Firefox/35.0"
23.254.164.173 - - [05/Oct/2016:00:01:21 -0500] "GET /~rall/hitcounter.php?page=/~rall/index.php HTTP/1.1" 200 18020 "http://cs.unk.edu/" "Mozilla/5.0 (Macintosh; Intel Mac OS X 10.6; rv:21.0) Gecko/20100101 Firefox/21.0"
23.254.164.173 - - [05/Oct/2016:00:01:21 -0500] "GET /~rall/macclassic.php HTTP/1.1" 200 10078 "http://cs.unk.edu/" "Mozilla/5.0 (Macintosh; Intel Mac OS X 10.6; rv:21.0) Gecko/20100101 Firefox/21.0"
83.209.129.237 - - [05/Oct/2016:00:14:22 -0500] "GET /favicon.ico HTTP/1.1" 200 617 "-" "Mozilla/5.0 (Macintosh; Intel Mac OS X 10.12; rv:52.0) Gecko/20100101 Firefox/52.0"
178.32.187.50 - - [05/Oct/2016:00:26:59 -0500] "GET /~mcintyredc/ HTTP/1.1" 200 6359 "http://cs.unk.edu/" "Mozilla/5.0 (Macintosh; Intel Mac OS X 10.9; rv:35.0) Gecko/20100101 Firefox/35.0"
178.32.187.50 - - [05/Oct/2016:00:26:59 -0500] "GET /~mcintyredc/wp-login.php HTTP/1.1" 200 1622 "http://cs.unk.edu/" "Opera/9.80 (Windows NT 6.2; Win64; x64) Presto/2.12.388 Version/12.17"
178.32.187.50 - - [05/Oct/2016:00:26:59 -0500] "GET /~mcintyredc/wp-login.php HTTP/1.1" 200 1622 "http://cs.unk.edu/~mcintyredc/wp-login.php" "Opera/9.80 (Windows NT 6.2; Win64; x64) Presto/2.12.388 Version/12.17"
178.32.187.50 - - [05/Oct/2016:00:27:00 -0500] "GET /~mcintyredc/ HTTP/1.1" 200 6358 "http://cs.unk.edu/" "Opera/9.80 (Windows NT 6.2; Win64; x64) Presto/2.12.388 Version/12.17"
178.32.187.50 - - [05/Oct/2016:00:27:00 -0500] "GET /~mcintyredc/?p=11 HTTP/1.1" 200 4619 "http://cs.unk.edu/" "Opera/9.80 (Windows NT 6.2; Win64; x64) Presto/2.12.388 Version/12.17"
178.32.187.50 - - [05/Oct/2016:00:27:00 -0500] "POST /~mcintyredc/wp-comments-post.php HTTP/1.1" 302 384 "http://cs.unk.edu/~mcintyredc/?p=11" "Opera/9.80 (Windows NT 6.2; Win64; x64) Presto/2.12.388 Version/12.17"
178.32.187.50 - - [05/Oct/2016:00:27:01 -0500] "GET /~mcintyredc/?p=11 HTTP/1.1" 200 4619 "http://cs.unk.edu/~mcintyredc/wp-comments-post.php" "Opera/9.80 (Windows NT 6.2; Win64; x64) Presto/2.12.388 Version/12.17"
178.32.187.50 - - [05/Oct/2016:00:27:02 -0500] "GET /~mcintyredc/?p=11 HTTP/1.1" 200 4619 "-" "Opera/9.80 (Windows NT 6.2; Win64; x64) Presto/2.12.388 Version/12.17"
163.172.14.55 - - [05/Oct/2016:00:28:22 -0500] "GET / HTTP/1.1" 301 301 "-" "Mozilla/5.0 ((Windows; U; Windows NT 6.1; fr; rv:1.9.2) Gecko/20100115 Firefox/3.6)"
178.32.187.50 - - [05/Oct/2016:00:32:54 -0500] "GET /~mcintyredc/?p=11 HTTP/1.1" 200 4618 "-" "Mozilla/5.0 (Macintosh; Intel Mac OS X 10.9; rv:35.0) Gecko/20100101 Firefox/35.0"
178.32.187.50 - - [05/Oct/2016:00:35:30 -0500] "GET /~mcintyredc/ HTTP/1.1" 200 6359 "http://cs.unk.edu/" "Mozilla/5.0 (Macintosh; Intel Mac OS X 10.9; rv:35.0) Gecko/20100101 Firefox/35.0"
178.32.187.50 - - [05/Oct/2016:00:35:30 -0500] "GET /~mcintyredc/wp-login.php HTTP/1.1" 200 1622 "http://cs.unk.edu/" "Opera/9.80 (Windows NT 6.2; Win64; x64) Presto/2.12.388 Version/12.17"
178.32.187.50 - - [05/Oct/2016:00:35:30 -0500] "GET /~mcintyredc/wp-login.php HTTP/1.1" 200 1622 "http://cs.unk.edu/~mcintyredc/wp-login.php" "Opera/9.80 (Windows NT 6.2; Win64; x64) Presto/2.12.388 Version/12.17"
178.32.187.50 - - [05/Oct/2016:00:35:31 -0500] "GET /~mcintyredc/ HTTP/1.1" 200 6358 "http://cs.unk.edu/" "Opera/9.80 (Windows NT 6.2; Win64; x64) Presto/2.12.388 Version/12.17"
178.32.187.50 - - [05/Oct/2016:00:35:31 -0500] "GET /~mcintyredc/?p=11 HTTP/1.1" 200 4618 "http://cs.unk.edu/" "Opera/9.80 (Windows NT 6.2; Win64; x64) Presto/2.12.388 Version/12.17"
178.32.187.50 - - [05/Oct/2016:00:35:31 -0500] "POST /~mcintyredc/wp-comments-post.php HTTP/1.1" 302 384 "http://cs.unk.edu/~mcintyredc/?p=11" "Opera/9.80 (Windows NT 6.2; Win64; x64) Presto/2.12.388 Version/12.17"
178.32.187.50 - - [05/Oct/2016:00:35:32 -0500] "GET /~mcintyredc/?p=11 HTTP/1.1" 200 4618 "http://cs.unk.edu/~mcintyredc/wp-comments-post.php" "Opera/9.80 (Windows NT 6.2; Win64; x64) Presto/2.12.388 Version/12.17"
178.32.187.50 - - [05/Oct/2016:00:35:32 -0500] "GET /~mcintyredc/?p=11 HTTP/1.1" 200 4617 "-" "Opera/9.80 (Windows NT 6.2; Win64; x64) Presto/2.12.388 Version/12.17"
212.83.166.57 - - [05/Oct/2016:00:37:43 -0500] "GET /~rall/hitcounter.php?page=/~rall/index.php HTTP/1.1" 200 18020 "http://cs.unk.edu/" "Mozilla/5.0 (Macintosh; Intel Mac OS X 10.9; rv:35.0) Gecko/20100101 Firefox/35.0"
178.32.187.50 - - [05/Oct/2016:00:45:18 -0500] "GET /~mcintyredc/?p=11 HTTP/1.1" 200 4619 "-" "Mozilla/5.0 (Macintosh; Intel Mac OS X 10.9; rv:35.0) Gecko/20100101 Firefox/35.0"
90.12.141.85 - - [05/Oct/2016:00:55:05 -0500] "GET /~zhengaw/projects/openldap-server/nfs-configuration/ HTTP/1.1" 200 5804 "http://cs.unk.edu/~zhengaw/projects/openldap-server/extract-ldap-tree-from-mavericks-server/" "Mozilla/5.0 (Windows NT 10.0; Win64; x64) AppleWebKit/537.36 (KHTML, like Gecko) Chrome/53.0.2785.143 Safari/537.36"
68.180.228.44 - - [05/Oct/2016:01:03:02 -0500] "GET /robots.txt HTTP/1.1" 200 531 "-" "Mozilla/5.0 (compatible; Yahoo! Slurp; http://help.yahoo.com/help/us/ysearch/slurp)"
68.180.228.44 - - [05/Oct/2016:01:03:03 -0500] "GET /~webb/tag/wall-plotter/ HTTP/1.1" 404 456 "-" "Mozilla/5.0 (compatible; Yahoo! Slurp; http://help.yahoo.com/help/us/ysearch/slurp)"
180.235.133.27 - - [05/Oct/2016:01:12:59 -0500] "GET /~rall/hitcounter.php?page=/~rall/index.php HTTP/1.1" 200 18020 "http://cs.unk.edu/" "Mozilla/5.0 (Macintosh; Intel Mac OS X 10_10_0) AppleWebKit/537.36 (KHTML, like Gecko) Chrome/39.0.2171.95 Safari/537.36"
91.121.77.137 - - [05/Oct/2016:01:29:22 -0500] "GET /~webb/2011/09/interactive-wall-for-artist-in-residence-show/ HTTP/1.0" 404 549 "-" "Mozilla/5.0 (Windows NT 6.3; WOW64) AppleWebKit/537.36 (KHTML, like Gecko) Chrome/34.0.1847.137 Safari/537.36"
91.121.77.137 - - [05/Oct/2016:01:29:22 -0500] "GET /~webb/2011/09/interactive-wall-for-artist-in-residence-show/ HTTP/1.0" 404 549 "-" "Mozilla/5.0 (Windows NT 6.3; WOW64) AppleWebKit/537.36 (KHTML, like Gecko) Chrome/34.0.1847.137 Safari/537.36"
91.121.77.137 - - [05/Oct/2016:01:29:23 -0500] "GET /~webb/2011/09/interactive-wall-for-artist-in-residence-show/ HTTP/1.0" 404 549 "-" "Mozilla/5.0 (Windows NT 6.3; WOW64) AppleWebKit/537.36 (KHTML, like Gecko) Chrome/34.0.1847.137 Safari/537.36"
91.121.77.137 - - [05/Oct/2016:01:29:23 -0500] "GET /~webb/2011/09/interactive-wall-for-artist-in-residence-show/ HTTP/1.0" 404 549 "-" "Mozilla/5.0 (Windows NT 6.3; WOW64) AppleWebKit/537.36 (KHTML, like Gecko) Chrome/34.0.1847.137 Safari/537.36"
203.133.170.205 - - [05/Oct/2016:01:44:54 -0500] "GET /robots.txt HTTP/1.1" 200 473 "-" "Mozilla/5.0 (compatible; MSIE or Firefox mutant;) Daum 4.1"
203.133.170.205 - - [05/Oct/2016:01:44:54 -0500] "GET /~webb HTTP/1.1" 301 567 "-" "Mozilla/5.0 (compatible; MSIE or Firefox mutant;) Daum 4.1"
203.133.170.205 - - [05/Oct/2016:01:45:05 -0500] "GET /~webb/ HTTP/1.1" 302 261 "-" "Mozilla/5.0 (compatible; MSIE or Firefox mutant;) Daum 4.1"
157.55.39.193 - - [05/Oct/2016:01:49:40 -0500] "GET /~rall/contact.php HTTP/1.1" 200 2355 "-" "Mozilla/5.0 (compatible; bingbot/2.0; +http://www.bing.com/bingbot.htm)"
180.76.15.134 - - [05/Oct/2016:01:51:08 -0500] "GET / HTTP/1.1" 301 264 "-" "Mozilla/5.0 (compatible; Baiduspider/2.0; +http://www.baidu.com/search/spider.html)"
180.76.15.5 - - [05/Oct/2016:01:52:34 -0500] "GET / HTTP/1.1" 301 264 "-" "Mozilla/5.0 (compatible; Baiduspider/2.0; +http://www.baidu.com/search/spider.html)"
66.249.82.89 - - [05/Oct/2016:02:13:51 -0500] "GET /~zhengaw/wp-content/uploads/2015/03/IMG_0217-e1427697341155.jpg HTTP/1.1" 200 1204131 "https://www.google.co.kr/" "Mozilla/5.0 (Windows NT 10.0; Win64; x64) AppleWebKit/537.36 (KHTML, like Gecko) Chrome/53.0.2785.143 Safari/537.36"
66.249.82.89 - - [05/Oct/2016:02:13:51 -0500] "GET /~zhengaw/wp-content/uploads/2015/03/IMG_0212-e1427697309247.jpg HTTP/1.1" 200 1043879 "https://www.google.co.kr/" "Mozilla/5.0 (Windows NT 10.0; Win64; x64) AppleWebKit/537.36 (KHTML, like Gecko) Chrome/53.0.2785.143 Safari/537.36"
66.249.82.88 - - [05/Oct/2016:02:13:51 -0500] "GET /~zhengaw/wp-content/uploads/2015/03/IMG_0110-e1427686601802.jpg HTTP/1.1" 200 1437699 "https://www.google.co.kr/" "Mozilla/5.0 (Windows NT 10.0; Win64; x64) AppleWebKit/537.36 (KHTML, like Gecko) Chrome/53.0.2785.143 Safari/537.36"
192.95.57.170 - - [05/Oct/2016:02:32:42 -0500] "GET /~rall/hitcounter.php?page=/~rall/index.php HTTP/1.1" 200 18020 "http://cs.unk.edu/" "Mozilla/5.0 (Macintosh; Intel Mac OS X 10_10_0) AppleWebKit/537.36 (KHTML, like Gecko) Chrome/39.0.2171.95 Safari/537.36"
68.180.228.44 - - [05/Oct/2016:02:39:36 -0500] "GET /~bombergerbc HTTP/1.1" 301 525 "-" "Mozilla/5.0 (compatible; Yahoo! Slurp; http://help.yahoo.com/help/us/ysearch/slurp)"
68.180.228.44 - - [05/Oct/2016:02:39:42 -0500] "GET /~bombergerbc/ HTTP/1.1" 200 5461 "-" "Mozilla/5.0 (compatible; Yahoo! Slurp; http://help.yahoo.com/help/us/ysearch/slurp)"
127.0.0.1 - - [05/Oct/2016:02:39:42 -0500] "POST /~bombergerbc/wp-cron.php?doing_wp_cron=1475653182.7090909481048583984375 HTTP/1.0" 200 187 "-" "WordPress/4.1.1; http://cs.unk.edu/~bombergerbc"
66.249.65.23 - - [05/Oct/2016:03:11:27 -0500] "GET /~zhengaw/projects/openldap-server/nfs-configuration/ HTTP/1.1" 200 5804 "-" "Mozilla/5.0 (compatible; Googlebot/2.1; +http://www.google.com/bot.html)"
127.0.0.1 - - [05/Oct/2016:03:11:27 -0500] "POST /~zhengaw/wp-cron.php?doing_wp_cron=1475655087.7245559692382812500000 HTTP/1.0" 200 187 "-" "WordPress/4.2; http://cs.unk.edu/~zhengaw"
216.244.66.232 - - [05/Oct/2016:03:14:17 -0500] "GET /robots.txt HTTP/1.1" 200 531 "-" "Mozilla/5.0 (compatible; DotBot/1.1; http://www.opensiteexplorer.org/dotbot, help@moz.com)"
216.244.66.232 - - [05/Oct/2016:03:28:31 -0500] "GET /robots.txt HTTP/1.1" 200 531 "-" "Mozilla/5.0 (compatible; DotBot/1.1; http://www.opensiteexplorer.org/dotbot, help@moz.com)"
182.70.25.104 - - [05/Oct/2016:03:38:11 -0500] "GET /~rall/hitcounter.php?page=/~rall/index.php HTTP/1.1" 200 18020 "http://cs.unk.edu/" "Mozilla/5.0 (Macintosh; Intel Mac OS X 10_10_0) AppleWebKit/537.36 (KHTML, like Gecko) Chrome/39.0.2171.95 Safari/537.36"
182.70.25.104 - - [05/Oct/2016:03:38:12 -0500] "GET /~rall/macclassic.php HTTP/1.1" 200 10077 "http://cs.unk.edu/~rall/hitcounter.php?page=/~rall/index.php" "Mozilla/5.0 (Macintosh; Intel Mac OS X 10_10_0) AppleWebKit/537.36 (KHTML, like Gecko) Chrome/39.0.2171.95 Safari/537.36"
188.0.168.141 - - [05/Oct/2016:03:47:30 -0500] "GET /~rall/hitcounter.php?page=/~rall/index.php HTTP/1.0" 200 17983 "http://cs.unk.edu/" "Mozilla/5.0 (Macintosh; Intel Mac OS X 10_10_0) AppleWebKit/537.36 (KHTML, like Gecko) Chrome/39.0.2171.95 Safari/537.36"
220.161.218.94 - - [05/Oct/2016:03:55:58 -0500] "GET /~rall/hitcounter.php?page=/~rall/index.php HTTP/1.0" 200 17983 "http://cs.unk.edu/" "Mozilla/5.0 (Macintosh; Intel Mac OS X 10_10_0) AppleWebKit/537.36 (KHTML, like Gecko) Chrome/39.0.2171.95 Safari/537.36"
192.187.100.154 - - [05/Oct/2016:03:57:45 -0500] "GET /~rall/hitcounter.php?page=/~rall/index.php HTTP/1.1" 200 18020 "http://cs.unk.edu/" "Mozilla/5.0 (Macintosh; Intel Mac OS X 10_10_0) AppleWebKit/537.36 (KHTML, like Gecko) Chrome/39.0.2171.95 Safari/537.36"
66.249.65.27 - - [05/Oct/2016:04:01:44 -0500] "GET /~zhengaw/wp-content/plugins/wp-syntax/css/wp-syntax.css?ver=1.0 HTTP/1.1" 200 1150 "http://cs.unk.edu/~zhengaw/projects/openldap-server/" "Mozilla/5.0 (compatible; Googlebot/2.1; +http://www.google.com/bot.html)"
66.249.65.27 - - [05/Oct/2016:04:01:45 -0500] "GET /~zhengaw/wp-content/themes/vantage/fontawesome/css/font-awesome.css?ver=4.2.0 HTTP/1.1" 200 5671 "http://cs.unk.edu/~zhengaw/projects/openldap-server/" "Mozilla/5.0 (compatible; Googlebot/2.1; +http://www.google.com/bot.html)"
66.249.65.25 - - [05/Oct/2016:04:01:45 -0500] "GET /~zhengaw/wp-content/themes/vantage/style.css?ver=2.4.2 HTTP/1.1" 200 15691 "http://cs.unk.edu/~zhengaw/projects/openldap-server/" "Mozilla/5.0 (compatible; Googlebot/2.1; +http://www.google.com/bot.html)"
66.249.65.27 - - [05/Oct/2016:04:01:45 -0500] "GET /~zhengaw/wp-content/themes/vantage/premium/style.css?ver=2.4.2 HTTP/1.1" 200 1901 "http://cs.unk.edu/~zhengaw/projects/openldap-server/" "Mozilla/5.0 (compatible; Googlebot/2.1; +http://www.google.com/bot.html)"
66.249.65.25 - - [05/Oct/2016:04:01:46 -0500] "GET /~zhengaw/wp-content/plugins/collapsible-pages-widget/style.css?ver=4.2 HTTP/1.1" 200 604 "http://cs.unk.edu/~zhengaw/projects/openldap-server/" "Mozilla/5.0 (compatible; Googlebot/2.1; +http://www.google.com/bot.html)"
216.244.66.232 - - [05/Oct/2016:04:32:50 -0500] "GET /%7Etallmagesa/ HTTP/1.1" 500 738 "-" "Mozilla/5.0 (compatible; DotBot/1.1; http://www.opensiteexplorer.org/dotbot, help@moz.com)"
216.244.66.232 - - [05/Oct/2016:04:32:53 -0500] "GET /%7Etallmagesa/ HTTP/1.1" 500 738 "-" "Mozilla/5.0 (compatible; DotBot/1.1; http://www.opensiteexplorer.org/dotbot, help@moz.com)"
121.122.37.142 - - [05/Oct/2016:04:35:50 -0500] "GET /~zhengaw/wp-content/uploads/2015/03/Mics2015Court.png HTTP/1.1" 200 30577 "https://www.google.com/" "Mozilla/5.0 (Windows NT 6.1; Win64; x64) AppleWebKit/537.36 (KHTML, like Gecko) Chrome/53.0.2785.116 Safari/537.36"
54.153.53.154 - - [05/Oct/2016:04:54:24 -0500] "GET /wp-login.php HTTP/1.1" 404 501 "-" "Opera/9.80 (Windows NT 5.1; U; ru) Presto/2.9.168 Version/11.50"
23.89.246.99 - - [05/Oct/2016:04:55:10 -0500] "GET /~zhengaw/projects/openldap-server/import-apple-and-samba-schemas/ HTTP/1.0" 200 10184 "-" "Mozilla/5.0 (Macintosh; Intel Mac OS X 10_10_0) AppleWebKit/537.36 (KHTML, like Gecko) Chrome/39.0.2171.95 Safari/537.36"
123.7.88.2 - - [05/Oct/2016:05:17:35 -0500] "HEAD /~rall/hitcounter.php?page=/~rall/index.php HTTP/1.0" 200 205 "-" "Mozilla/5.0 (Windows NT 6.2; WOW64) AppleWebKit/537.36 (KHTML, like Gecko) Chrome/39.0.2171.95 Safari/537.36"
66.249.65.23 - - [05/Oct/2016:05:19:58 -0500] "GET /~csis495/wp-content/plugins/syntaxhighlighter-plus/syntaxhighlighter/styles/shThemeDefault.css HTTP/1.1" 200 1459 "http://cs.unk.edu/~csis495/2011/03/halfway-done-time-for-a-change-of-pace/" "Mozilla/5.0 (compatible; Googlebot/2.1; +http://www.google.com/bot.html)"
66.249.65.23 - - [05/Oct/2016:05:19:59 -0500] "GET /~csis495/wp-content/themes/mainstream/styles/minimal.css HTTP/1.1" 200 1904 "http://cs.unk.edu/~csis495/2011/03/halfway-done-time-for-a-change-of-pace/" "Mozilla/5.0 (compatible; Googlebot/2.1; +http://www.google.com/bot.html)"
66.249.65.25 - - [05/Oct/2016:05:19:59 -0500] "GET /~csis495/wp-content/plugins/wp-polls/polls-css.css?ver=2.50 HTTP/1.1" 200 1064 "http://cs.unk.edu/~csis495/2011/03/halfway-done-time-for-a-change-of-pace/" "Mozilla/5.0 (compatible; Googlebot/2.1; +http://www.google.com/bot.html)"
66.249.65.27 - - [05/Oct/2016:05:20:00 -0500] "GET /~csis495/wp-content/plugins/syntaxhighlighter-plus/syntaxhighlighter/styles/shCore.css HTTP/1.1" 200 2148 "http://cs.unk.edu/~csis495/2011/03/halfway-done-time-for-a-change-of-pace/" "Mozilla/5.0 (compatible; Googlebot/2.1; +http://www.google.com/bot.html)"
66.249.65.23 - - [05/Oct/2016:05:20:00 -0500] "GET /~csis495/wp-content/themes/mainstream/css/reset.css HTTP/1.1" 200 915 "http://cs.unk.edu/~csis495/2011/03/halfway-done-time-for-a-change-of-pace/" "Mozilla/5.0 (compatible; Googlebot/2.1; +http://www.google.com/bot.html)"
66.249.65.23 - - [05/Oct/2016:05:20:01 -0500] "GET /~csis495/wp-content/themes/mainstream/functions/css/shortcodes.css HTTP/1.1" 200 2860 "http://cs.unk.edu/~csis495/2011/03/halfway-done-time-for-a-change-of-pace/" "Mozilla/5.0 (compatible; Googlebot/2.1; +http://www.google.com/bot.html)"
66.249.65.23 - - [05/Oct/2016:05:20:01 -0500] "GET /~csis495/wp-content/themes/mainstream/custom.css HTTP/1.1" 200 663 "http://cs.unk.edu/~csis495/2011/03/halfway-done-time-for-a-change-of-pace/" "Mozilla/5.0 (compatible; Googlebot/2.1; +http://www.google.com/bot.html)"
66.249.65.23 - - [05/Oct/2016:05:20:04 -0500] "GET /~csis495/wp-content/plugins/wp-prettyphoto/css/prettyPhoto.css?ver=2.5.6 HTTP/1.1" 200 2159 "http://cs.unk.edu/~csis495/2011/03/halfway-done-time-for-a-change-of-pace/" "Mozilla/5.0 (compatible; Googlebot/2.1; +http://www.google.com/bot.html)"
192.187.100.154 - - [05/Oct/2016:05:24:54 -0500] "GET /~rall/hitcounter.php?page=/~rall/index.php HTTP/1.1" 200 18020 "http://cs.unk.edu/" "Mozilla/5.0 (Macintosh; Intel Mac OS X 10_10_0) AppleWebKit/537.36 (KHTML, like Gecko) Chrome/39.0.2171.95 Safari/537.36"
5.56.12.9 - - [05/Oct/2016:05:32:03 -0500] "GET /~rall/hitcounter.php?page=/~rall/index.php HTTP/1.1" 200 17964 "http://cs.unk.edu/" "Mozilla/5.0 (Macintosh; Intel Mac OS X 10_10_0) AppleWebKit/537.36 (KHTML, like Gecko) Chrome/39.0.2171.95 Safari/537.36"
172.245.193.123 - - [05/Oct/2016:05:36:51 -0500] "GET /~rall/hitcounter.php?page=/~rall/index.php HTTP/1.0" 200 17983 "http://cs.unk.edu/" "Mozilla/5.0 (Macintosh; Intel Mac OS X 10_10_0) AppleWebKit/537.36 (KHTML, like Gecko) Chrome/39.0.2171.95 Safari/537.36"
157.55.39.193 - - [05/Oct/2016:05:38:47 -0500] "GET /robots.txt HTTP/1.1" 200 473 "-" "Mozilla/5.0 (compatible; bingbot/2.0; +http://www.bing.com/bingbot.htm)"
157.55.39.193 - - [05/Oct/2016:05:38:47 -0500] "GET /robots.txt HTTP/1.1" 200 472 "-" "Mozilla/5.0 (compatible; bingbot/2.0; +http://www.bing.com/bingbot.htm)"
157.55.39.193 - - [05/Oct/2016:05:38:47 -0500] "GET /robots.txt HTTP/1.1" 200 472 "-" "Mozilla/5.0 (compatible; bingbot/2.0; +http://www.bing.com/bingbot.htm)"
207.46.13.91 - - [05/Oct/2016:05:38:54 -0500] "GET /~rall/css/layout.css.php HTTP/1.1" 200 1487 "-" "Mozilla/5.0 (compatible; bingbot/2.0; +http://www.bing.com/bingbot.htm)"
157.55.39.153 - - [05/Oct/2016:05:38:58 -0500] "GET /~rall/dashboard.css HTTP/1.1" 200 346 "-" "Mozilla/5.0 (compatible; bingbot/2.0; +http://www.bing.com/bingbot.htm)"
180.76.15.20 - - [05/Oct/2016:05:49:48 -0500] "GET / HTTP/1.1" 301 264 "-" "Mozilla/5.0 (compatible; Baiduspider/2.0; +http://www.baidu.com/search/spider.html)"
180.76.15.16 - - [05/Oct/2016:05:51:14 -0500] "GET / HTTP/1.1" 301 264 "-" "Mozilla/5.0 (compatible; Baiduspider/2.0; +http://www.baidu.com/search/spider.html)"
200.46.86.66 - - [05/Oct/2016:05:58:22 -0500] "GET /~rall/hitcounter.php?page=/~rall/index.php HTTP/1.1" 200 18020 "http://cs.unk.edu/" "Mozilla/5.0 (Macintosh; Intel Mac OS X 10_10_0) AppleWebKit/537.36 (KHTML, like Gecko) Chrome/39.0.2171.95 Safari/537.36"
192.3.8.3 - - [05/Oct/2016:06:00:09 -0500] "GET /~rall/hitcounter.php?page=/~rall/index.php HTTP/1.0" 200 17983 "http://cs.unk.edu/" "Mozilla/5.0 (Macintosh; Intel Mac OS X 10_10_0) AppleWebKit/537.36 (KHTML, like Gecko) Chrome/39.0.2171.95 Safari/537.36"
192.187.100.154 - - [05/Oct/2016:06:01:53 -0500] "GET /~rall/hitcounter.php?page=/~rall/index.php HTTP/1.1" 200 18020 "http://cs.unk.edu/" "Mozilla/5.0 (Macintosh; Intel Mac OS X 10_10_0) AppleWebKit/537.36 (KHTML, like Gecko) Chrome/39.0.2171.95 Safari/537.36"
157.55.39.193 - - [05/Oct/2016:06:15:53 -0500] "GET /~quinteroheg2/ HTTP/1.1" 200 4104 "-" "Mozilla/5.0 (compatible; bingbot/2.0; +http://www.bing.com/bingbot.htm)"
127.0.0.1 - - [05/Oct/2016:06:15:53 -0500] "POST /~quinteroheg2/wp-cron.php?doing_wp_cron=1475666153.8139150142669677734375 HTTP/1.0" 200 187 "-" "WordPress/4.1.1; http://cs.unk.edu/~quinteroheg2"
157.55.39.193 - - [05/Oct/2016:06:21:05 -0500] "GET /~rall/ HTTP/1.1" 200 3311 "-" "Mozilla/5.0 (iPhone; CPU iPhone OS 7_0 like Mac OS X) AppleWebKit/537.51.1 (KHTML, like Gecko) Version/7.0 Mobile/11A465 Safari/9537.53 (compatible; bingbot/2.0; +http://www.bing.com/bingbot.htm)"
157.55.39.153 - - [05/Oct/2016:06:21:20 -0500] "GET /~rall/dashboard.css HTTP/1.1" 200 346 "-" "Mozilla/5.0 (iPhone; CPU iPhone OS 7_0 like Mac OS X) AppleWebKit/537.51.1 (KHTML, like Gecko) Version/7.0 Mobile/11A465 Safari/9537.53 (compatible; bingbot/2.0; +http://www.bing.com/bingbot.htm)"
207.46.13.91 - - [05/Oct/2016:06:21:24 -0500] "GET /~rall/css/layout.css.php HTTP/1.1" 200 1487 "-" "Mozilla/5.0 (iPhone; CPU iPhone OS 7_0 like Mac OS X) AppleWebKit/537.51.1 (KHTML, like Gecko) Version/7.0 Mobile/11A465 Safari/9537.53 (compatible; bingbot/2.0; +http://www.bing.com/bingbot.htm)"
66.249.65.25 - - [05/Oct/2016:06:33:10 -0500] "GET /~zhengaw/ HTTP/1.1" 200 6569 "-" "Mozilla/5.0 (compatible; Googlebot/2.1; +http://www.google.com/bot.html)"
127.0.0.1 - - [05/Oct/2016:06:33:10 -0500] "POST /~zhengaw/wp-cron.php?doing_wp_cron=1475667190.4295349121093750000000 HTTP/1.0" 200 187 "-" "WordPress/4.2; http://cs.unk.edu/~zhengaw"
207.46.13.91 - - [05/Oct/2016:06:34:45 -0500] "GET /~rall/about.php HTTP/1.1" 200 3437 "-" "Mozilla/5.0 (iPhone; CPU iPhone OS 7_0 like Mac OS X) AppleWebKit/537.51.1 (KHTML, like Gecko) Version/7.0 Mobile/11A465 Safari/9537.53 (compatible; bingbot/2.0; +http://www.bing.com/bingbot.htm)"
157.55.39.153 - - [05/Oct/2016:06:37:33 -0500] "GET /~rall/img/black-grey-stripe2.gif HTTP/1.1" 200 326 "-" "Mozilla/5.0 (iPhone; CPU iPhone OS 7_0 like Mac OS X) AppleWebKit/537.51.1 (KHTML, like Gecko) Version/7.0 Mobile/11A465 Safari/9537.53 (compatible; bingbot/2.0; +http://www.bing.com/bingbot.htm)"
125.27.81.234 - - [05/Oct/2016:06:55:02 -0500] "GET /~rall/hitcounter.php?page=/~rall/index.php HTTP/1.1" 200 18020 "http://cs.unk.edu/" "Mozilla/5.0 (Macintosh; Intel Mac OS X 10_10_0) AppleWebKit/537.36 (KHTML, like Gecko) Chrome/39.0.2171.95 Safari/537.36"
199.30.24.117 - - [05/Oct/2016:07:22:20 -0500] "GET /~rall/img/header-8.gif HTTP/1.1" 200 55972 "http://cs.unk.edu/~rall/" "Mozilla/5.0 (iPhone; CPU iPhone OS 7_0 like Mac OS X) AppleWebKit/537.51.1 (KHTML, like Gecko) Version/7.0 Mobile/11A465 Safari/9537.53 BingPreview/1.0b"
192.187.100.154 - - [05/Oct/2016:07:24:16 -0500] "GET /~rall/hitcounter.php?page=/~rall/index.php HTTP/1.1" 200 18020 "http://cs.unk.edu/" "Mozilla/5.0 (Macintosh; Intel Mac OS X 10_10_0) AppleWebKit/537.36 (KHTML, like Gecko) Chrome/39.0.2171.95 Safari/537.36"
81.80.91.213 - - [05/Oct/2016:07:35:02 -0500] "GET /~zhengaw/projects/openldap-server/ HTTP/1.1" 200 7019 "https://www.google.fr/" "Mozilla/5.0 (Macintosh; Intel Mac OS X 10.11; rv:49.0) Gecko/20100101 Firefox/49.0"
81.80.91.213 - - [05/Oct/2016:07:35:02 -0500] "GET /~zhengaw/wp-content/plugins/siteorigin-panels/css/front.css?ver=2.1.2 HTTP/1.1" 200 572 "http://cs.unk.edu/~zhengaw/projects/openldap-server/" "Mozilla/5.0 (Macintosh; Intel Mac OS X 10.11; rv:49.0) Gecko/20100101 Firefox/49.0"
81.80.91.213 - - [05/Oct/2016:07:35:02 -0500] "GET /~zhengaw/wp-content/plugins/collapsible-pages-widget/style.css?ver=4.2 HTTP/1.1" 200 604 "http://cs.unk.edu/~zhengaw/projects/openldap-server/" "Mozilla/5.0 (Macintosh; Intel Mac OS X 10.11; rv:49.0) Gecko/20100101 Firefox/49.0"
81.80.91.213 - - [05/Oct/2016:07:35:02 -0500] "GET /~zhengaw/wp-content/plugins/wp-syntax/css/wp-syntax.css?ver=1.0 HTTP/1.1" 200 1150 "http://cs.unk.edu/~zhengaw/projects/openldap-server/" "Mozilla/5.0 (Macintosh; Intel Mac OS X 10.11; rv:49.0) Gecko/20100101 Firefox/49.0"
81.80.91.213 - - [05/Oct/2016:07:35:02 -0500] "GET /~zhengaw/wp-content/themes/vantage/fontawesome/css/font-awesome.css?ver=4.2.0 HTTP/1.1" 200 5672 "http://cs.unk.edu/~zhengaw/projects/openldap-server/" "Mozilla/5.0 (Macintosh; Intel Mac OS X 10.11; rv:49.0) Gecko/20100101 Firefox/49.0"
81.80.91.213 - - [05/Oct/2016:07:35:02 -0500] "GET /~zhengaw/wp-content/themes/vantage/style.css?ver=2.4.2 HTTP/1.1" 200 15691 "http://cs.unk.edu/~zhengaw/projects/openldap-server/" "Mozilla/5.0 (Macintosh; Intel Mac OS X 10.11; rv:49.0) Gecko/20100101 Firefox/49.0"
81.80.91.213 - - [05/Oct/2016:07:35:02 -0500] "GET /~zhengaw/wp-content/themes/vantage/premium/style.css?ver=2.4.2 HTTP/1.1" 200 1902 "http://cs.unk.edu/~zhengaw/projects/openldap-server/" "Mozilla/5.0 (Macintosh; Intel Mac OS X 10.11; rv:49.0) Gecko/20100101 Firefox/49.0"
81.80.91.213 - - [05/Oct/2016:07:35:02 -0500] "GET /~zhengaw/wp-includes/js/jquery/jquery.js?ver=1.11.2 HTTP/1.1" 200 33640 "http://cs.unk.edu/~zhengaw/projects/openldap-server/" "Mozilla/5.0 (Macintosh; Intel Mac OS X 10.11; rv:49.0) Gecko/20100101 Firefox/49.0"
81.80.91.213 - - [05/Oct/2016:07:35:03 -0500] "GET /~zhengaw/wp-includes/js/jquery/jquery-migrate.min.js?ver=1.2.1 HTTP/1.1" 200 3418 "http://cs.unk.edu/~zhengaw/projects/openldap-server/" "Mozilla/5.0 (Macintosh; Intel Mac OS X 10.11; rv:49.0) Gecko/20100101 Firefox/49.0"
81.80.91.213 - - [05/Oct/2016:07:35:03 -0500] "GET /~zhengaw/wp-content/plugins/collapsible-pages-widget/script.js?ver=4.2 HTTP/1.1" 200 715 "http://cs.unk.edu/~zhengaw/projects/openldap-server/" "Mozilla/5.0 (Macintosh; Intel Mac OS X 10.11; rv:49.0) Gecko/20100101 Firefox/49.0"
81.80.91.213 - - [05/Oct/2016:07:35:03 -0500] "GET /~zhengaw/wp-content/themes/vantage/js/jquery.flexslider.min.js?ver=2.1 HTTP/1.1" 200 7516 "http://cs.unk.edu/~zhengaw/projects/openldap-server/" "Mozilla/5.0 (Macintosh; Intel Mac OS X 10.11; rv:49.0) Gecko/20100101 Firefox/49.0"
81.80.91.213 - - [05/Oct/2016:07:35:03 -0500] "GET /~zhengaw/wp-content/themes/vantage/js/jquery.touchSwipe.min.js?ver=1.6.6 HTTP/1.1" 200 5110 "http://cs.unk.edu/~zhengaw/projects/openldap-server/" "Mozilla/5.0 (Macintosh; Intel Mac OS X 10.11; rv:49.0) Gecko/20100101 Firefox/49.0"
81.80.91.213 - - [05/Oct/2016:07:35:03 -0500] "GET /~zhengaw/wp-content/themes/vantage/js/jquery.theme-main.min.js?ver=2.4.2 HTTP/1.1" 200 3044 "http://cs.unk.edu/~zhengaw/projects/openldap-server/" "Mozilla/5.0 (Macintosh; Intel Mac OS X 10.11; rv:49.0) Gecko/20100101 Firefox/49.0"
81.80.91.213 - - [05/Oct/2016:07:35:03 -0500] "GET /~zhengaw/wp-content/themes/vantage/js/jquery.fitvids.min.js?ver=1.0 HTTP/1.1" 200 1420 "http://cs.unk.edu/~zhengaw/projects/openldap-server/" "Mozilla/5.0 (Macintosh; Intel Mac OS X 10.11; rv:49.0) Gecko/20100101 Firefox/49.0"
81.80.91.213 - - [05/Oct/2016:07:35:03 -0500] "GET /~zhengaw/wp-content/plugins/akismet/_inc/form.js?ver=3.1.1 HTTP/1.1" 200 666 "http://cs.unk.edu/~zhengaw/projects/openldap-server/" "Mozilla/5.0 (Macintosh; Intel Mac OS X 10.11; rv:49.0) Gecko/20100101 Firefox/49.0"
81.80.91.213 - - [05/Oct/2016:07:35:03 -0500] "GET /~zhengaw/wp-includes/js/comment-reply.min.js?ver=4.2 HTTP/1.1" 200 754 "http://cs.unk.edu/~zhengaw/projects/openldap-server/" "Mozilla/5.0 (Macintosh; Intel Mac OS X 10.11; rv:49.0) Gecko/20100101 Firefox/49.0"
81.80.91.213 - - [05/Oct/2016:07:35:04 -0500] "GET /~zhengaw/wp-content/themes/vantage/icons/vantage-icons.woff?-9o183q HTTP/1.1" 200 1678 "http://cs.unk.edu/~zhengaw/wp-content/themes/vantage/style.css?ver=2.4.2" "Mozilla/5.0 (Macintosh; Intel Mac OS X 10.11; rv:49.0) Gecko/20100101 Firefox/49.0"
81.80.91.213 - - [05/Oct/2016:07:35:04 -0500] "GET /favicon.ico HTTP/1.1" 200 616 "-" "Mozilla/5.0 (Macintosh; Intel Mac OS X 10.11; rv:49.0) Gecko/20100101 Firefox/49.0"
81.80.91.213 - - [05/Oct/2016:07:35:51 -0500] "GET /~zhengaw/projects/openldap-server/extract-ldap-tree-from-mavericks-server/ HTTP/1.1" 200 8109 "http://cs.unk.edu/~zhengaw/projects/openldap-server/" "Mozilla/5.0 (Macintosh; Intel Mac OS X 10.11; rv:49.0) Gecko/20100101 Firefox/49.0"
207.46.13.91 - - [05/Oct/2016:07:46:03 -0500] "GET /~schierlingmb/index.php?id=7 HTTP/1.1" 404 512 "-" "Mozilla/5.0 (iPhone; CPU iPhone OS 7_0 like Mac OS X) AppleWebKit/537.51.1 (KHTML, like Gecko) Version/7.0 Mobile/11A465 Safari/9537.53 (compatible; bingbot/2.0; +http://www.bing.com/bingbot.htm)"
68.180.228.44 - - [05/Oct/2016:08:01:53 -0500] "GET /~mcconvilletl/?p=121 HTTP/1.1" 200 3834 "-" "Mozilla/5.0 (compatible; Yahoo! Slurp; http://help.yahoo.com/help/us/ysearch/slurp)"
127.0.0.1 - - [05/Oct/2016:08:01:54 -0500] "POST /~mcconvilletl/wp-cron.php?doing_wp_cron HTTP/1.0" 200 187 "-" "WordPress/3.0.4; http://cs.unk.edu/~mcconvilletl"
92.154.11.32 - - [05/Oct/2016:08:27:41 -0500] "GET /~zhengaw/projects/openldap-server/os-x-client-configuration/ HTTP/1.1" 200 7203 "https://www.google.com/" "Mozilla/5.0 (Macintosh; Intel Mac OS X 10_11_6) AppleWebKit/537.36 (KHTML, like Gecko) Chrome/53.0.2785.116 Safari/537.36"
92.154.11.32 - - [05/Oct/2016:08:27:42 -0500] "GET /~zhengaw/wp-content/plugins/siteorigin-panels/css/front.css?ver=2.1.2 HTTP/1.1" 200 572 "http://cs.unk.edu/~zhengaw/projects/openldap-server/os-x-client-configuration/" "Mozilla/5.0 (Macintosh; Intel Mac OS X 10_11_6) AppleWebKit/537.36 (KHTML, like Gecko) Chrome/53.0.2785.116 Safari/537.36"
92.154.11.32 - - [05/Oct/2016:08:27:42 -0500] "GET /~zhengaw/wp-content/plugins/wp-syntax/css/wp-syntax.css?ver=1.0 HTTP/1.1" 200 1150 "http://cs.unk.edu/~zhengaw/projects/openldap-server/os-x-client-configuration/" "Mozilla/5.0 (Macintosh; Intel Mac OS X 10_11_6) AppleWebKit/537.36 (KHTML, like Gecko) Chrome/53.0.2785.116 Safari/537.36"
92.154.11.32 - - [05/Oct/2016:08:27:42 -0500] "GET /~zhengaw/wp-content/themes/vantage/fontawesome/css/font-awesome.css?ver=4.2.0 HTTP/1.1" 200 5672 "http://cs.unk.edu/~zhengaw/projects/openldap-server/os-x-client-configuration/" "Mozilla/5.0 (Macintosh; Intel Mac OS X 10_11_6) AppleWebKit/537.36 (KHTML, like Gecko) Chrome/53.0.2785.116 Safari/537.36"
92.154.11.32 - - [05/Oct/2016:08:27:42 -0500] "GET /~zhengaw/wp-content/plugins/collapsible-pages-widget/style.css?ver=4.2 HTTP/1.1" 200 605 "http://cs.unk.edu/~zhengaw/projects/openldap-server/os-x-client-configuration/" "Mozilla/5.0 (Macintosh; Intel Mac OS X 10_11_6) AppleWebKit/537.36 (KHTML, like Gecko) Chrome/53.0.2785.116 Safari/537.36"
92.154.11.32 - - [05/Oct/2016:08:27:42 -0500] "GET /~zhengaw/wp-content/themes/vantage/premium/style.css?ver=2.4.2 HTTP/1.1" 200 1901 "http://cs.unk.edu/~zhengaw/projects/openldap-server/os-x-client-configuration/" "Mozilla/5.0 (Macintosh; Intel Mac OS X 10_11_6) AppleWebKit/537.36 (KHTML, like Gecko) Chrome/53.0.2785.116 Safari/537.36"
92.154.11.32 - - [05/Oct/2016:08:27:42 -0500] "GET /~zhengaw/wp-content/themes/vantage/style.css?ver=2.4.2 HTTP/1.1" 200 15691 "http://cs.unk.edu/~zhengaw/projects/openldap-server/os-x-client-configuration/" "Mozilla/5.0 (Macintosh; Intel Mac OS X 10_11_6) AppleWebKit/537.36 (KHTML, like Gecko) Chrome/53.0.2785.116 Safari/537.36"
92.154.11.32 - - [05/Oct/2016:08:27:42 -0500] "GET /~zhengaw/wp-includes/js/jquery/jquery.js?ver=1.11.2 HTTP/1.1" 200 33640 "http://cs.unk.edu/~zhengaw/projects/openldap-server/os-x-client-configuration/" "Mozilla/5.0 (Macintosh; Intel Mac OS X 10_11_6) AppleWebKit/537.36 (KHTML, like Gecko) Chrome/53.0.2785.116 Safari/537.36"
92.154.11.32 - - [05/Oct/2016:08:27:42 -0500] "GET /~zhengaw/wp-includes/js/jquery/jquery-migrate.min.js?ver=1.2.1 HTTP/1.1" 200 3418 "http://cs.unk.edu/~zhengaw/projects/openldap-server/os-x-client-configuration/" "Mozilla/5.0 (Macintosh; Intel Mac OS X 10_11_6) AppleWebKit/537.36 (KHTML, like Gecko) Chrome/53.0.2785.116 Safari/537.36"
92.154.11.32 - - [05/Oct/2016:08:27:42 -0500] "GET /~zhengaw/wp-content/plugins/collapsible-pages-widget/script.js?ver=4.2 HTTP/1.1" 200 715 "http://cs.unk.edu/~zhengaw/projects/openldap-server/os-x-client-configuration/" "Mozilla/5.0 (Macintosh; Intel Mac OS X 10_11_6) AppleWebKit/537.36 (KHTML, like Gecko) Chrome/53.0.2785.116 Safari/537.36"
92.154.11.32 - - [05/Oct/2016:08:27:42 -0500] "GET /~zhengaw/wp-content/themes/vantage/js/jquery.touchSwipe.min.js?ver=1.6.6 HTTP/1.1" 200 5110 "http://cs.unk.edu/~zhengaw/projects/openldap-server/os-x-client-configuration/" "Mozilla/5.0 (Macintosh; Intel Mac OS X 10_11_6) AppleWebKit/537.36 (KHTML, like Gecko) Chrome/53.0.2785.116 Safari/537.36"
92.154.11.32 - - [05/Oct/2016:08:27:42 -0500] "GET /~zhengaw/wp-content/themes/vantage/js/jquery.flexslider.min.js?ver=2.1 HTTP/1.1" 200 7516 "http://cs.unk.edu/~zhengaw/projects/openldap-server/os-x-client-configuration/" "Mozilla/5.0 (Macintosh; Intel Mac OS X 10_11_6) AppleWebKit/537.36 (KHTML, like Gecko) Chrome/53.0.2785.116 Safari/537.36"
92.154.11.32 - - [05/Oct/2016:08:27:42 -0500] "GET /~zhengaw/wp-content/themes/vantage/js/jquery.theme-main.min.js?ver=2.4.2 HTTP/1.1" 200 3044 "http://cs.unk.edu/~zhengaw/projects/openldap-server/os-x-client-configuration/" "Mozilla/5.0 (Macintosh; Intel Mac OS X 10_11_6) AppleWebKit/537.36 (KHTML, like Gecko) Chrome/53.0.2785.116 Safari/537.36"
92.154.11.32 - - [05/Oct/2016:08:27:42 -0500] "GET /~zhengaw/wp-content/themes/vantage/js/jquery.fitvids.min.js?ver=1.0 HTTP/1.1" 200 1420 "http://cs.unk.edu/~zhengaw/projects/openldap-server/os-x-client-configuration/" "Mozilla/5.0 (Macintosh; Intel Mac OS X 10_11_6) AppleWebKit/537.36 (KHTML, like Gecko) Chrome/53.0.2785.116 Safari/537.36"
92.154.11.32 - - [05/Oct/2016:08:27:42 -0500] "GET /~zhengaw/wp-includes/js/comment-reply.min.js?ver=4.2 HTTP/1.1" 200 754 "http://cs.unk.edu/~zhengaw/projects/openldap-server/os-x-client-configuration/" "Mozilla/5.0 (Macintosh; Intel Mac OS X 10_11_6) AppleWebKit/537.36 (KHTML, like Gecko) Chrome/53.0.2785.116 Safari/537.36"
92.154.11.32 - - [05/Oct/2016:08:27:42 -0500] "GET /~zhengaw/wp-content/plugins/akismet/_inc/form.js?ver=3.1.1 HTTP/1.1" 200 666 "http://cs.unk.edu/~zhengaw/projects/openldap-server/os-x-client-configuration/" "Mozilla/5.0 (Macintosh; Intel Mac OS X 10_11_6) AppleWebKit/537.36 (KHTML, like Gecko) Chrome/53.0.2785.116 Safari/537.36"
92.154.11.32 - - [05/Oct/2016:08:27:42 -0500] "GET /~zhengaw/wp-content/themes/vantage/icons/vantage-icons.woff?-9o183q HTTP/1.1" 200 1678 "http://cs.unk.edu/~zhengaw/wp-content/themes/vantage/style.css?ver=2.4.2" "Mozilla/5.0 (Macintosh; Intel Mac OS X 10_11_6) AppleWebKit/537.36 (KHTML, like Gecko) Chrome/53.0.2785.116 Safari/537.36"
92.154.11.32 - - [05/Oct/2016:08:27:43 -0500] "GET /favicon.ico HTTP/1.1" 200 616 "http://cs.unk.edu/~zhengaw/projects/openldap-server/os-x-client-configuration/" "Mozilla/5.0 (Macintosh; Intel Mac OS X 10_11_6) AppleWebKit/537.36 (KHTML, like Gecko) Chrome/53.0.2785.116 Safari/537.36"
66.249.66.39 - - [05/Oct/2016:08:50:51 -0500] "GET /~wilsonjr2/wp-content/uploads/2016/09/Arena-300x183.png HTTP/1.1" 200 71996 "-" "Googlebot-Image/1.0"
104.203.117.154 - - [05/Oct/2016:08:58:50 -0500] "GET /~rall/hitcounter.php?page=/~rall/index.php HTTP/1.0" 200 17983 "http://cs.unk.edu/" "Mozilla/5.0 (Macintosh; Intel Mac OS X 10_10_0) AppleWebKit/537.36 (KHTML, like Gecko) Chrome/39.0.2171.95 Safari/537.36"
144.216.6.129 - - [05/Oct/2016:09:03:52 -0500] "GET /jobs/students HTTP/1.1" 301 583 "-" "Mozilla/5.0 (Windows NT 6.1; WOW64) AppleWebKit/537.36 (KHTML, like Gecko) Chrome/53.0.2785.143 Safari/537.36"
144.216.6.129 - - [05/Oct/2016:09:03:52 -0500] "GET /jobs/students/ HTTP/1.1" 200 611 "-" "Mozilla/5.0 (Windows NT 6.1; WOW64) AppleWebKit/537.36 (KHTML, like Gecko) Chrome/53.0.2785.143 Safari/537.36"
144.216.6.129 - - [05/Oct/2016:09:03:54 -0500] "HEAD /jobs/students/ HTTP/1.1" 200 168 "-" "Mozilla/5.0 (X11; Linux x86_64; rv:10.0) Gecko/20150101 Firefox/47.0 (Chrome)"
144.216.6.129 - - [05/Oct/2016:09:03:54 -0500] "GET /jobs/students/ HTTP/1.1" 200 1143 "-" "Mozilla/5.0 (X11; Linux x86_64; rv:10.0) Gecko/20150101 Firefox/47.0 (Chrome)"
144.216.6.129 - - [05/Oct/2016:09:03:55 -0500] "POST /jobs/students/ HTTP/1.1" 200 429 "http://cs.unk.edu/jobs/students/" "Mozilla/5.0 (Windows NT 6.1; WOW64) AppleWebKit/537.36 (KHTML, like Gecko) Chrome/53.0.2785.143 Safari/537.36"
144.216.6.129 - - [05/Oct/2016:09:03:55 -0500] "GET /jobs/students/?command=student HTTP/1.1" 200 1976 "http://cs.unk.edu/jobs/students/" "Mozilla/5.0 (Windows NT 6.1; WOW64) AppleWebKit/537.36 (KHTML, like Gecko) Chrome/53.0.2785.143 Safari/537.36"
144.216.6.129 - - [05/Oct/2016:09:03:56 -0500] "HEAD /jobs/students/?command=student HTTP/1.1" 200 168 "-" "Mozilla/5.0 (X11; Linux x86_64; rv:10.0) Gecko/20150101 Firefox/47.0 (Chrome)"
144.216.6.129 - - [05/Oct/2016:09:03:56 -0500] "GET /jobs/students/?command=student HTTP/1.1" 200 656 "-" "Mozilla/5.0 (X11; Linux x86_64; rv:10.0) Gecko/20150101 Firefox/47.0 (Chrome)"
31.41.94.71 - - [05/Oct/2016:09:19:27 -0500] "GET /~rall/hitcounter.php?page=/~rall/index.php HTTP/1.1" 200 18020 "http://cs.unk.edu/" "Mozilla/5.0 (Macintosh; Intel Mac OS X 10_10_0) AppleWebKit/537.36 (KHTML, like Gecko) Chrome/39.0.2171.95 Safari/537.36"
175.44.9.60 - - [05/Oct/2016:09:25:57 -0500] "GET /favicon.ico HTTP/1.1" 200 617 "-" "Mozilla/5.0 (Windows NT 6.1; WOW64) AppleWebKit/537.36 (KHTML, like Gecko) Chrome/49.0.2623.22 Safari/537.36 SE 2.X MetaSr 1.0"
66.249.66.42 - - [05/Oct/2016:09:29:26 -0500] "GET /~rall/resume.php HTTP/1.1" 200 4435 "-" "Mozilla/5.0 (compatible; Googlebot/2.1; +http://www.google.com/bot.html)"
66.249.66.39 - - [05/Oct/2016:09:35:04 -0500] "GET /~rall/about.php HTTP/1.1" 200 3437 "-" "Mozilla/5.0 (compatible; Googlebot/2.1; +http://www.google.com/bot.html)"
66.249.66.39 - - [05/Oct/2016:09:36:03 -0500] "GET /~rall/portfolio.php HTTP/1.1" 200 5523 "-" "Mozilla/5.0 (compatible; Googlebot/2.1; +http://www.google.com/bot.html)"
66.249.66.45 - - [05/Oct/2016:09:37:38 -0500] "GET /~rall/resume.php?after=50 HTTP/1.1" 200 4204 "-" "Mozilla/5.0 (compatible; Googlebot/2.1; +http://www.google.com/bot.html)"
66.249.66.39 - - [05/Oct/2016:09:40:40 -0500] "GET /~rall/about.php?after=50 HTTP/1.1" 200 3211 "-" "Mozilla/5.0 (compatible; Googlebot/2.1; +http://www.google.com/bot.html)"
66.249.66.39 - - [05/Oct/2016:09:41:08 -0500] "GET /~rall/resume.php?after=47 HTTP/1.1" 200 4551 "-" "Mozilla/5.0 (compatible; Googlebot/2.1; +http://www.google.com/bot.html)"
66.249.66.45 - - [05/Oct/2016:09:44:54 -0500] "GET /~rall/resume.php?after=44 HTTP/1.1" 200 4877 "-" "Mozilla/5.0 (compatible; Googlebot/2.1; +http://www.google.com/bot.html)"
115.28.206.23 - - [05/Oct/2016:09:48:54 -0500] "OPTIONS / HTTP/1.1" 301 301 "-" "Mozilla/5.0 (Windows NT 6.2; WOW64) AppleWebKit/537.36 (KHTML, like Gecko) Chrome/29.0.1547.0 Safari/537.36"
180.76.15.150 - - [05/Oct/2016:09:49:34 -0500] "GET / HTTP/1.1" 301 264 "-" "Mozilla/5.0 (compatible; Baiduspider/2.0; +http://www.baidu.com/search/spider.html)"
66.249.66.42 - - [05/Oct/2016:09:50:05 -0500] "GET /~rall/resume.php?full=42 HTTP/1.1" 200 4094 "-" "Mozilla/5.0 (compatible; Googlebot/2.1; +http://www.google.com/bot.html)"
66.249.66.45 - - [05/Oct/2016:09:50:06 -0500] "GET /~rall/img/NeatImage.jpg HTTP/1.1" 200 162372 "-" "Googlebot-Image/1.0"
180.76.15.151 - - [05/Oct/2016:09:51:04 -0500] "GET / HTTP/1.1" 301 264 "-" "Mozilla/5.0 (compatible; Baiduspider/2.0; +http://www.baidu.com/search/spider.html)"
66.249.66.42 - - [05/Oct/2016:09:53:34 -0500] "GET /~rall/resume.php?full=44 HTTP/1.1" 200 4175 "-" "Mozilla/5.0 (compatible; Googlebot/2.1; +http://www.google.com/bot.html)"
66.249.88.15 - - [05/Oct/2016:09:56:38 -0500] "GET /~quinteroheg2/?p=18 HTTP/1.1" 200 4262 "-" "Mozilla/5.0 (X11; Linux x86_64) AppleWebKit/537.36 (KHTML, like Gecko) Chrome/49.0.2623.75 Safari/537.36 Google Favicon"
66.249.88.15 - - [05/Oct/2016:09:56:38 -0500] "GET /favicon.ico HTTP/1.1" 200 616 "-" "Mozilla/5.0 (X11; Linux x86_64) AppleWebKit/537.36 (KHTML, like Gecko) Chrome/49.0.2623.75 Safari/537.36 Google Favicon"
